new:168:14:void* operator new(std::size_t, void*)	16	static
spi.h:44:2:spidev::SPIDevice::~SPIDevice()	16	static
spi.h:47:15:virtual void spidev::SPIDevice::load(uint8_t**)	16	static
spi.h:48:15:virtual void spidev::SPIDevice::dump(uint8_t**)	16	static
spi.cpp:20:1:spidev::spi::spi(SPI_HandleTypeDef*)	16	static
spi.cpp:25:1:spidev::spi::~spi()	40	static
spi.cpp:25:1:virtual spidev::spi::~spi()	16	static
spi.cpp:37:12:spidev::SPIDevice* spidev::spi::addDevice(spidev::SPIDevice*)	16	static
spi.cpp:47:6:void spidev::spi::transfer()	56	static
spi.cpp:69:1:spidev::SPIDevice::SPIDevice(GPIO_TypeDef*, uint16_t)	24	static
spi.cpp:78:1:spidev::SPI165::SPI165(GPIO_TypeDef*, uint16_t, GPIO_TypeDef*, uint16_t)	24	static
spi.cpp:84:6:virtual void spidev::SPI165::load(uint8_t**)	16	static
spi.cpp:90:6:virtual void spidev::SPI165::dump(uint8_t**)	16	static
spi.cpp:95:1:spidev::SPI595::SPI595(GPIO_TypeDef*, uint16_t, GPIO_TypeDef*, uint16_t)	24	static
spi.cpp:101:6:virtual void spidev::SPI595::load(uint8_t**)	16	static
spi.cpp:106:6:virtual void spidev::SPI595::dump(uint8_t**)	16	static
stl_vector.h:259:7:std::vector<_Tp, _Alloc>::vector() [with _Tp = spidev::SPIDevice*; _Alloc = std::allocator<spidev::SPIDevice*>]	16	static
stl_vector.h:433:7:std::vector<_Tp, _Alloc>::~vector() [with _Tp = spidev::SPIDevice*; _Alloc = std::allocator<spidev::SPIDevice*>]	24	static
stl_vector.h:563:7:std::vector<_Tp, _Alloc>::iterator std::vector<_Tp, _Alloc>::begin() [with _Tp = spidev::SPIDevice*; _Alloc = std::allocator<spidev::SPIDevice*>]	24	static
stl_vector.h:581:7:std::vector<_Tp, _Alloc>::iterator std::vector<_Tp, _Alloc>::end() [with _Tp = spidev::SPIDevice*; _Alloc = std::allocator<spidev::SPIDevice*>]	24	static
stl_iterator.h:880:5:bool __gnu_cxx::operator!=(const __gnu_cxx::__normal_iterator<_Iterator, _Container>&, const __gnu_cxx::__normal_iterator<_Iterator, _Container>&) [with _Iterator = spidev::SPIDevice**; _Container = std::vector<spidev::SPIDevice*>]	24	static
stl_iterator.h:800:7:__gnu_cxx::__normal_iterator<_Iterator, _Container>& __gnu_cxx::__normal_iterator<_Iterator, _Container>::operator++() [with _Iterator = spidev::SPIDevice**; _Container = std::vector<spidev::SPIDevice*>]	16	static
stl_iterator.h:792:7:__gnu_cxx::__normal_iterator<_Iterator, _Container>::reference __gnu_cxx::__normal_iterator<_Iterator, _Container>::operator*() const [with _Iterator = spidev::SPIDevice**; _Container = std::vector<spidev::SPIDevice*>]	16	static
stl_vector.h:939:7:void std::vector<_Tp, _Alloc>::push_back(const value_type&) [with _Tp = spidev::SPIDevice*; _Alloc = std::allocator<spidev::SPIDevice*>]	16	static
stl_vector.h:81:14:std::_Vector_base<spidev::SPIDevice*, std::allocator<spidev::SPIDevice*> >::_Vector_impl::~_Vector_impl()	16	static
stl_vector.h:126:7:std::_Vector_base<_Tp, _Alloc>::_Vector_base() [with _Tp = spidev::SPIDevice*; _Alloc = std::allocator<spidev::SPIDevice*>]	16	static
stl_vector.h:161:7:std::_Vector_base<_Tp, _Alloc>::~_Vector_base() [with _Tp = spidev::SPIDevice*; _Alloc = std::allocator<spidev::SPIDevice*>]	16	static
stl_vector.h:115:7:std::_Vector_base<_Tp, _Alloc>::_Tp_alloc_type& std::_Vector_base<_Tp, _Alloc>::_M_get_Tp_allocator() [with _Tp = spidev::SPIDevice*; _Alloc = std::allocator<spidev::SPIDevice*>]	16	static
stl_construct.h:203:5:void std::_Destroy(_ForwardIterator, _ForwardIterator, std::allocator<_T2>&) [with _ForwardIterator = spidev::SPIDevice**; _Tp = spidev::SPIDevice*]	24	static
stl_iterator.h:779:7:__gnu_cxx::__normal_iterator<_Iterator, _Container>::__normal_iterator(const _Iterator&) [with _Iterator = spidev::SPIDevice**; _Container = std::vector<spidev::SPIDevice*>]	16	static
stl_iterator.h:844:7:const _Iterator& __gnu_cxx::__normal_iterator<_Iterator, _Container>::base() const [with _Iterator = spidev::SPIDevice**; _Container = std::vector<spidev::SPIDevice*>]	16	static
move.h:73:5:constexpr _Tp&& std::forward(typename std::remove_reference<_From>::type&) [with _Tp = spidev::SPIDevice* const&]	16	static
alloc_traits.h:474:2:) [with _Up = spidev::SPIDevice*; _Args = {spidev::SPIDevice* const&}; _Tp = spidev::SPIDevice*]	24	static
vector.tcc:394:7:) [with _Args = {spidev::SPIDevice* const&}; _Tp = spidev::SPIDevice*; _Alloc = std::allocator<spidev::SPIDevice*>]	56	static
stl_vector.h:88:2:std::_Vector_base<_Tp, _Alloc>::_Vector_impl::_Vector_impl() [with _Tp = spidev::SPIDevice*; _Alloc = std::allocator<spidev::SPIDevice*>]	16	static
allocator.h:139:7:std::allocator< <template-parameter-1-1> >::~allocator() [with _Tp = spidev::SPIDevice*]	16	static
stl_vector.h:176:7:void std::_Vector_base<_Tp, _Alloc>::_M_deallocate(std::_Vector_base<_Tp, _Alloc>::pointer, std::size_t) [with _Tp = spidev::SPIDevice*; _Alloc = std::allocator<spidev::SPIDevice*>]	24	static
stl_construct.h:127:5:void std::_Destroy(_ForwardIterator, _ForwardIterator) [with _ForwardIterator = spidev::SPIDevice**]	16	static
new_allocator.h:135:2:) [with _Up = spidev::SPIDevice*; _Args = {spidev::SPIDevice* const&}; _Tp = spidev::SPIDevice*]	32	static
stl_vector.h:1497:7:std::vector<_Tp, _Alloc>::size_type std::vector<_Tp, _Alloc>::_M_check_len(std::vector<_Tp, _Alloc>::size_type, const char*) const [with _Tp = spidev::SPIDevice*; _Alloc = std::allocator<spidev::SPIDevice*>]	40	static
stl_iterator.h:962:5:typename __gnu_cxx::__normal_iterator<_Iterator, _Container>::difference_type __gnu_cxx::operator-(const __gnu_cxx::__normal_iterator<_Iterator, _Container>&, const __gnu_cxx::__normal_iterator<_Iterator, _Container>&) [with _Iterator = spidev::SPIDevice**; _Container = std::vector<spidev::SPIDevice*>]	24	static
stl_vector.h:169:7:std::_Vector_base<_Tp, _Alloc>::pointer std::_Vector_base<_Tp, _Alloc>::_M_allocate(std::size_t) [with _Tp = spidev::SPIDevice*; _Alloc = std::allocator<spidev::SPIDevice*>]	16	static
stl_uninitialized.h:305:5:_ForwardIterator std::__uninitialized_move_if_noexcept_a(_InputIterator, _InputIterator, _ForwardIterator, _Allocator&) [with _InputIterator = spidev::SPIDevice**; _ForwardIterator = spidev::SPIDevice**; _Allocator = std::allocator<spidev::SPIDevice*>]	32	static
allocator.h:131:7:std::allocator< <template-parameter-1-1> >::allocator() [with _Tp = spidev::SPIDevice*]	16	static
new_allocator.h:86:7:__gnu_cxx::new_allocator<_Tp>::~new_allocator() [with _Tp = spidev::SPIDevice*]	16	static
alloc_traits.h:461:7:static void std::allocator_traits<std::allocator<_Tp1> >::deallocate(std::allocator_traits<std::allocator<_Tp1> >::allocator_type&, std::allocator_traits<std::allocator<_Tp1> >::pointer, std::allocator_traits<std::allocator<_Tp1> >::size_type) [with _Tp = spidev::SPIDevice*]	24	static
stl_construct.h:117:9:static void std::_Destroy_aux<true>::__destroy(_ForwardIterator, _ForwardIterator) [with _ForwardIterator = spidev::SPIDevice**]	16	static
stl_vector.h:675:7:std::vector<_Tp, _Alloc>::size_type std::vector<_Tp, _Alloc>::max_size() const [with _Tp = spidev::SPIDevice*; _Alloc = std::allocator<spidev::SPIDevice*>]	16	static
stl_vector.h:670:7:std::vector<_Tp, _Alloc>::size_type std::vector<_Tp, _Alloc>::size() const [with _Tp = spidev::SPIDevice*; _Alloc = std::allocator<spidev::SPIDevice*>]	16	static
stl_algobase.h:219:5:constexpr const _Tp& std::max(const _Tp&, const _Tp&) [with _Tp = unsigned int]	16	static
alloc_traits.h:435:7:static _Tp* std::allocator_traits<std::allocator<_Tp1> >::allocate(std::allocator_traits<std::allocator<_Tp1> >::allocator_type&, std::allocator_traits<std::allocator<_Tp1> >::size_type) [with _Tp = spidev::SPIDevice*]	16	static
stl_iterator.h:1221:5:_ReturnType std::__make_move_if_noexcept_iterator(_Tp*) [with _Tp = spidev::SPIDevice*; _ReturnType = std::move_iterator<spidev::SPIDevice**>]	24	static
stl_uninitialized.h:287:5:_ForwardIterator std::__uninitialized_copy_a(_InputIterator, _InputIterator, _ForwardIterator, std::allocator<_Tp>&) [with _InputIterator = std::move_iterator<spidev::SPIDevice**>; _ForwardIterator = spidev::SPIDevice**; _Tp = spidev::SPIDevice*]	24	static
new_allocator.h:79:7:__gnu_cxx::new_allocator<_Tp>::new_allocator() [with _Tp = spidev::SPIDevice*]	16	static
new_allocator.h:116:7:void __gnu_cxx::new_allocator<_Tp>::deallocate(__gnu_cxx::new_allocator<_Tp>::pointer, __gnu_cxx::new_allocator<_Tp>::size_type) [with _Tp = spidev::SPIDevice*]	24	static
alloc_traits.h:495:7:static std::allocator_traits<std::allocator<_Tp1> >::size_type std::allocator_traits<std::allocator<_Tp1> >::max_size(const allocator_type&) [with _Tp = spidev::SPIDevice*]	16	static
stl_vector.h:119:7:const _Tp_alloc_type& std::_Vector_base<_Tp, _Alloc>::_M_get_Tp_allocator() const [with _Tp = spidev::SPIDevice*; _Alloc = std::allocator<spidev::SPIDevice*>]	16	static
new_allocator.h:99:7:_Tp* __gnu_cxx::new_allocator<_Tp>::allocate(__gnu_cxx::new_allocator<_Tp>::size_type, const void*) [with _Tp = spidev::SPIDevice*]	24	static
stl_iterator.h:1036:7:std::move_iterator<_Iterator>::move_iterator(std::move_iterator<_Iterator>::iterator_type) [with _Iterator = spidev::SPIDevice**]	16	static
stl_uninitialized.h:115:5:_ForwardIterator std::uninitialized_copy(_InputIterator, _InputIterator, _ForwardIterator) [with _InputIterator = std::move_iterator<spidev::SPIDevice**>; _ForwardIterator = spidev::SPIDevice**]	32	static
new_allocator.h:129:7:__gnu_cxx::new_allocator<_Tp>::size_type __gnu_cxx::new_allocator<_Tp>::max_size() const [with _Tp = spidev::SPIDevice*]	16	static
stl_uninitialized.h:99:9:static _ForwardIterator std::__uninitialized_copy<true>::__uninit_copy(_InputIterator, _InputIterator, _ForwardIterator) [with _InputIterator = std::move_iterator<spidev::SPIDevice**>; _ForwardIterator = spidev::SPIDevice**]	24	static
stl_algobase.h:446:5:_OI std::copy(_II, _II, _OI) [with _II = std::move_iterator<spidev::SPIDevice**>; _OI = spidev::SPIDevice**]	32	static
stl_iterator.h:1241:5:base())) std::__miter_base(std::move_iterator<_IteratorL>) [with _Iterator = spidev::SPIDevice**]	16	static
stl_algobase.h:420:5:_OI std::__copy_move_a2(_II, _II, _OI) [with bool _IsMove = true; _II = spidev::SPIDevice**; _OI = spidev::SPIDevice**]	32	static
stl_iterator.h:1045:7:std::move_iterator<_Iterator>::iterator_type std::move_iterator<_Iterator>::base() const [with _Iterator = spidev::SPIDevice**]	16	static
cpp_type_traits.h:408:5:_Iterator std::__miter_base(_Iterator) [with _Iterator = spidev::SPIDevice**]	16	static
stl_algobase.h:277:5:_Iterator std::__niter_base(_Iterator) [with _Iterator = spidev::SPIDevice**]	16	static
stl_algobase.h:375:5:_OI std::__copy_move_a(_II, _II, _OI) [with bool _IsMove = true; _II = spidev::SPIDevice**; _OI = spidev::SPIDevice**]	32	static
stl_algobase.h:357:9:static _Tp* std::__copy_move<_IsMove, true, std::random_access_iterator_tag>::__copy_m(const _Tp*, const _Tp*, _Tp*) [with _Tp = spidev::SPIDevice*; bool _IsMove = true]	32	static
