Archive member included to satisfy reference by file (symbol)

c:/st/stm32cubeide_1.2.0/stm32cubeide/plugins/com.st.stm32cube.ide.mcu.externaltools.gnu-tools-for-stm32.7-2018-q2-update.win32_1.0.0.201904181610/tools/bin/../lib/gcc/arm-none-eabi/7.3.1/../../../../arm-none-eabi/lib/thumb/v7e-m/fpv4-sp/hard\libc_nano.a(lib_a-exit.o)
                              c:/st/stm32cubeide_1.2.0/stm32cubeide/plugins/com.st.stm32cube.ide.mcu.externaltools.gnu-tools-for-stm32.7-2018-q2-update.win32_1.0.0.201904181610/tools/bin/../lib/gcc/arm-none-eabi/7.3.1/../../../../arm-none-eabi/lib/thumb/v7e-m/fpv4-sp/hard/crt0.o (exit)
c:/st/stm32cubeide_1.2.0/stm32cubeide/plugins/com.st.stm32cube.ide.mcu.externaltools.gnu-tools-for-stm32.7-2018-q2-update.win32_1.0.0.201904181610/tools/bin/../lib/gcc/arm-none-eabi/7.3.1/../../../../arm-none-eabi/lib/thumb/v7e-m/fpv4-sp/hard\libc_nano.a(lib_a-impure.o)
                              c:/st/stm32cubeide_1.2.0/stm32cubeide/plugins/com.st.stm32cube.ide.mcu.externaltools.gnu-tools-for-stm32.7-2018-q2-update.win32_1.0.0.201904181610/tools/bin/../lib/gcc/arm-none-eabi/7.3.1/../../../../arm-none-eabi/lib/thumb/v7e-m/fpv4-sp/hard\libc_nano.a(lib_a-exit.o) (_global_impure_ptr)
c:/st/stm32cubeide_1.2.0/stm32cubeide/plugins/com.st.stm32cube.ide.mcu.externaltools.gnu-tools-for-stm32.7-2018-q2-update.win32_1.0.0.201904181610/tools/bin/../lib/gcc/arm-none-eabi/7.3.1/../../../../arm-none-eabi/lib/thumb/v7e-m/fpv4-sp/hard\libc_nano.a(lib_a-init.o)
                              c:/st/stm32cubeide_1.2.0/stm32cubeide/plugins/com.st.stm32cube.ide.mcu.externaltools.gnu-tools-for-stm32.7-2018-q2-update.win32_1.0.0.201904181610/tools/bin/../lib/gcc/arm-none-eabi/7.3.1/../../../../arm-none-eabi/lib/thumb/v7e-m/fpv4-sp/hard/crt0.o (__libc_init_array)
c:/st/stm32cubeide_1.2.0/stm32cubeide/plugins/com.st.stm32cube.ide.mcu.externaltools.gnu-tools-for-stm32.7-2018-q2-update.win32_1.0.0.201904181610/tools/bin/../lib/gcc/arm-none-eabi/7.3.1/../../../../arm-none-eabi/lib/thumb/v7e-m/fpv4-sp/hard\libc_nano.a(lib_a-memset.o)
                              c:/st/stm32cubeide_1.2.0/stm32cubeide/plugins/com.st.stm32cube.ide.mcu.externaltools.gnu-tools-for-stm32.7-2018-q2-update.win32_1.0.0.201904181610/tools/bin/../lib/gcc/arm-none-eabi/7.3.1/../../../../arm-none-eabi/lib/thumb/v7e-m/fpv4-sp/hard/crt0.o (memset)
c:/st/stm32cubeide_1.2.0/stm32cubeide/plugins/com.st.stm32cube.ide.mcu.externaltools.gnu-tools-for-stm32.7-2018-q2-update.win32_1.0.0.201904181610/tools/bin/../lib/gcc/arm-none-eabi/7.3.1/../../../../arm-none-eabi/lib/thumb/v7e-m/fpv4-sp/hard\libnosys.a(_exit.o)
                              c:/st/stm32cubeide_1.2.0/stm32cubeide/plugins/com.st.stm32cube.ide.mcu.externaltools.gnu-tools-for-stm32.7-2018-q2-update.win32_1.0.0.201904181610/tools/bin/../lib/gcc/arm-none-eabi/7.3.1/../../../../arm-none-eabi/lib/thumb/v7e-m/fpv4-sp/hard\libc_nano.a(lib_a-exit.o) (_exit)

Allocating common symbols
Common symbol       size              file

uwTick              0x4               Drivers/STM32F3xx_HAL_Driver/Src/stm32f3xx_hal.o
pFlash              0x20              Drivers/STM32F3xx_HAL_Driver/Src/stm32f3xx_hal_flash.o
huart2              0x80              Core/Src/main.o

Discarded input sections

 .text          0x0000000000000000        0x0 c:/st/stm32cubeide_1.2.0/stm32cubeide/plugins/com.st.stm32cube.ide.mcu.externaltools.gnu-tools-for-stm32.7-2018-q2-update.win32_1.0.0.201904181610/tools/bin/../lib/gcc/arm-none-eabi/7.3.1/thumb/v7e-m/fpv4-sp/hard/crti.o
 .data          0x0000000000000000        0x0 c:/st/stm32cubeide_1.2.0/stm32cubeide/plugins/com.st.stm32cube.ide.mcu.externaltools.gnu-tools-for-stm32.7-2018-q2-update.win32_1.0.0.201904181610/tools/bin/../lib/gcc/arm-none-eabi/7.3.1/thumb/v7e-m/fpv4-sp/hard/crti.o
 .bss           0x0000000000000000        0x0 c:/st/stm32cubeide_1.2.0/stm32cubeide/plugins/com.st.stm32cube.ide.mcu.externaltools.gnu-tools-for-stm32.7-2018-q2-update.win32_1.0.0.201904181610/tools/bin/../lib/gcc/arm-none-eabi/7.3.1/thumb/v7e-m/fpv4-sp/hard/crti.o
 .data          0x0000000000000000        0x4 c:/st/stm32cubeide_1.2.0/stm32cubeide/plugins/com.st.stm32cube.ide.mcu.externaltools.gnu-tools-for-stm32.7-2018-q2-update.win32_1.0.0.201904181610/tools/bin/../lib/gcc/arm-none-eabi/7.3.1/thumb/v7e-m/fpv4-sp/hard/crtbegin.o
 .text          0x0000000000000000       0x74 c:/st/stm32cubeide_1.2.0/stm32cubeide/plugins/com.st.stm32cube.ide.mcu.externaltools.gnu-tools-for-stm32.7-2018-q2-update.win32_1.0.0.201904181610/tools/bin/../lib/gcc/arm-none-eabi/7.3.1/../../../../arm-none-eabi/lib/thumb/v7e-m/fpv4-sp/hard/crt0.o
 .data          0x0000000000000000        0x0 c:/st/stm32cubeide_1.2.0/stm32cubeide/plugins/com.st.stm32cube.ide.mcu.externaltools.gnu-tools-for-stm32.7-2018-q2-update.win32_1.0.0.201904181610/tools/bin/../lib/gcc/arm-none-eabi/7.3.1/../../../../arm-none-eabi/lib/thumb/v7e-m/fpv4-sp/hard/crt0.o
[...]
Memory Configuration

Name             Origin             Length             Attributes
CCMRAM           0x0000000010000000 0x0000000000004000 xrw
RAM              0x0000000020000000 0x0000000000010000 xrw
FLASH            0x0000000008000000 0x0000000000080000 xr
*default*        0x0000000000000000 0xffffffffffffffff

Linker script and memory map

LOAD c:/st/stm32cubeide_1.2.0/stm32cubeide/plugins/com.st.stm32cube.ide.mcu.externaltools.gnu-tools-for-stm32.7-2018-q2-update.win32_1.0.0.201904181610/tools/bin/../lib/gcc/arm-none-eabi/7.3.1/thumb/v7e-m/fpv4-sp/hard/crti.o
LOAD c:/st/stm32cubeide_1.2.0/stm32cubeide/plugins/com.st.stm32cube.ide.mcu.externaltools.gnu-tools-for-stm32.7-2018-q2-update.win32_1.0.0.201904181610/tools/bin/../lib/gcc/arm-none-eabi/7.3.1/thumb/v7e-m/fpv4-sp/hard/crtbegin.o
LOAD c:/st/stm32cubeide_1.2.0/stm32cubeide/plugins/com.st.stm32cube.ide.mcu.externaltools.gnu-tools-for-stm32.7-2018-q2-update.win32_1.0.0.201904181610/tools/bin/../lib/gcc/arm-none-eabi/7.3.1/../../../../arm-none-eabi/lib/thumb/v7e-m/fpv4-sp/hard/crt0.o
LOAD Core/Src/main.o
LOAD Core/Src/stm32f3xx_hal_msp.o
LOAD Core/Src/stm32f3xx_it.o
LOAD Core/Src/system_stm32f3xx.o
LOAD Core/Startup/startup_stm32f303retx.o
LOAD Drivers/STM32F3xx_HAL_Driver/Src/stm32f3xx_hal.o
LOAD Drivers/STM32F3xx_HAL_Driver/Src/stm32f3xx_hal_cortex.o
LOAD Drivers/STM32F3xx_HAL_Driver/Src/stm32f3xx_hal_dma.o
LOAD Drivers/STM32F3xx_HAL_Driver/Src/stm32f3xx_hal_exti.o
LOAD Drivers/STM32F3xx_HAL_Driver/Src/stm32f3xx_hal_flash.o
LOAD Drivers/STM32F3xx_HAL_Driver/Src/stm32f3xx_hal_flash_ex.o
LOAD Drivers/STM32F3xx_HAL_Driver/Src/stm32f3xx_hal_gpio.o
LOAD Drivers/STM32F3xx_HAL_Driver/Src/stm32f3xx_hal_i2c.o
LOAD Drivers/STM32F3xx_HAL_Driver/Src/stm32f3xx_hal_i2c_ex.o
LOAD Drivers/STM32F3xx_HAL_Driver/Src/stm32f3xx_hal_pwr.o
LOAD Drivers/STM32F3xx_HAL_Driver/Src/stm32f3xx_hal_pwr_ex.o
LOAD Drivers/STM32F3xx_HAL_Driver/Src/stm32f3xx_hal_rcc.o
LOAD Drivers/STM32F3xx_HAL_Driver/Src/stm32f3xx_hal_rcc_ex.o
LOAD Drivers/STM32F3xx_HAL_Driver/Src/stm32f3xx_hal_tim.o
LOAD Drivers/STM32F3xx_HAL_Driver/Src/stm32f3xx_hal_tim_ex.o
LOAD Drivers/STM32F3xx_HAL_Driver/Src/stm32f3xx_hal_uart.o
LOAD Drivers/STM32F3xx_HAL_Driver/Src/stm32f3xx_hal_uart_ex.o
START GROUP
LOAD c:/st/stm32cubeide_1.2.0/stm32cubeide/plugins/com.st.stm32cube.ide.mcu.externaltools.gnu-tools-for-stm32.7-2018-q2-update.win32_1.0.0.201904181610/tools/bin/../lib/gcc/arm-none-eabi/7.3.1/../../../../arm-none-eabi/lib/thumb/v7e-m/fpv4-sp/hard\libc_nano.a
LOAD c:/st/stm32cubeide_1.2.0/stm32cubeide/plugins/com.st.stm32cube.ide.mcu.externaltools.gnu-tools-for-stm32.7-2018-q2-update.win32_1.0.0.201904181610/tools/bin/../lib/gcc/arm-none-eabi/7.3.1/../../../../arm-none-eabi/lib/thumb/v7e-m/fpv4-sp/hard\libm.a
END GROUP
START GROUP
LOAD c:/st/stm32cubeide_1.2.0/stm32cubeide/plugins/com.st.stm32cube.ide.mcu.externaltools.gnu-tools-for-stm32.7-2018-q2-update.win32_1.0.0.201904181610/tools/bin/../lib/gcc/arm-none-eabi/7.3.1/thumb/v7e-m/fpv4-sp/hard\libgcc.a
LOAD c:/st/stm32cubeide_1.2.0/stm32cubeide/plugins/com.st.stm32cube.ide.mcu.externaltools.gnu-tools-for-stm32.7-2018-q2-update.win32_1.0.0.201904181610/tools/bin/../lib/gcc/arm-none-eabi/7.3.1/../../../../arm-none-eabi/lib/thumb/v7e-m/fpv4-sp/hard\libc_nano.a
END GROUP
START GROUP
LOAD c:/st/stm32cubeide_1.2.0/stm32cubeide/plugins/com.st.stm32cube.ide.mcu.externaltools.gnu-tools-for-stm32.7-2018-q2-update.win32_1.0.0.201904181610/tools/bin/../lib/gcc/arm-none-eabi/7.3.1/thumb/v7e-m/fpv4-sp/hard\libgcc.a
LOAD c:/st/stm32cubeide_1.2.0/stm32cubeide/plugins/com.st.stm32cube.ide.mcu.externaltools.gnu-tools-for-stm32.7-2018-q2-update.win32_1.0.0.201904181610/tools/bin/../lib/gcc/arm-none-eabi/7.3.1/../../../../arm-none-eabi/lib/thumb/v7e-m/fpv4-sp/hard\libc_nano.a
LOAD c:/st/stm32cubeide_1.2.0/stm32cubeide/plugins/com.st.stm32cube.ide.mcu.externaltools.gnu-tools-for-stm32.7-2018-q2-update.win32_1.0.0.201904181610/tools/bin/../lib/gcc/arm-none-eabi/7.3.1/../../../../arm-none-eabi/lib/thumb/v7e-m/fpv4-sp/hard\libnosys.a
END GROUP
START GROUP
LOAD c:/st/stm32cubeide_1.2.0/stm32cubeide/plugins/com.st.stm32cube.ide.mcu.externaltools.gnu-tools-for-stm32.7-2018-q2-update.win32_1.0.0.201904181610/tools/bin/../lib/gcc/arm-none-eabi/7.3.1/thumb/v7e-m/fpv4-sp/hard\libgcc.a
LOAD c:/st/stm32cubeide_1.2.0/stm32cubeide/plugins/com.st.stm32cube.ide.mcu.externaltools.gnu-tools-for-stm32.7-2018-q2-update.win32_1.0.0.201904181610/tools/bin/../lib/gcc/arm-none-eabi/7.3.1/../../../../arm-none-eabi/lib/thumb/v7e-m/fpv4-sp/hard\libc_nano.a
LOAD c:/st/stm32cubeide_1.2.0/stm32cubeide/plugins/com.st.stm32cube.ide.mcu.externaltools.gnu-tools-for-stm32.7-2018-q2-update.win32_1.0.0.201904181610/tools/bin/../lib/gcc/arm-none-eabi/7.3.1/../../../../arm-none-eabi/lib/thumb/v7e-m/fpv4-sp/hard\libnosys.a
END GROUP
LOAD c:/st/stm32cubeide_1.2.0/stm32cubeide/plugins/com.st.stm32cube.ide.mcu.externaltools.gnu-tools-for-stm32.7-2018-q2-update.win32_1.0.0.201904181610/tools/bin/../lib/gcc/arm-none-eabi/7.3.1/thumb/v7e-m/fpv4-sp/hard/crtend.o
LOAD c:/st/stm32cubeide_1.2.0/stm32cubeide/plugins/com.st.stm32cube.ide.mcu.externaltools.gnu-tools-for-stm32.7-2018-q2-update.win32_1.0.0.201904181610/tools/bin/../lib/gcc/arm-none-eabi/7.3.1/thumb/v7e-m/fpv4-sp/hard/crtn.o
                0x0000000020010000                _estack = (ORIGIN (RAM) + LENGTH (RAM))
                0x0000000000000200                _Min_Heap_Size = 0x200
                0x0000000000000400                _Min_Stack_Size = 0x400

.isr_vector     0x0000000008000000      0x194
                0x0000000008000000                . = ALIGN (0x4)
 *(.isr_vector)
 .isr_vector    0x0000000008000000      0x194 Core/Startup/startup_stm32f303retx.o
                0x0000000008000000                g_pfnVectors
                0x0000000008000194                . = ALIGN (0x4)

.text           0x0000000008000194     0x29a4
                0x0000000008000194                . = ALIGN (0x4)
 *(.text)
 .text          0x0000000008000194       0x40 c:/st/stm32cubeide_1.2.0/stm32cubeide/plugins/com.st.stm32cube.ide.mcu.externaltools.gnu-tools-for-stm32.7-2018-q2-update.win32_1.0.0.201904181610/tools/bin/../lib/gcc/arm-none-eabi/7.3.1/thumb/v7e-m/fpv4-sp/hard/crtbegin.o
 *(.text*)
 .text.main     0x00000000080001d4       0x64 Core/Src/main.o
                0x00000000080001d4                main
 .text.SystemClock_Config
                0x0000000008000238       0xbc Core/Src/main.o
                0x0000000008000238                SystemClock_Config
 .text.MX_USART2_UART_Init
                0x00000000080002f4       0x60 Core/Src/main.o
 .text.MX_GPIO_Init
                0x0000000008000354       0xd0 Core/Src/main.o
 .text.Error_Handler
                0x0000000008000424        0xe Core/Src/main.o
                0x0000000008000424                Error_Handler
 *fill*         0x0000000008000432        0x2 
 .text.HAL_MspInit
                0x0000000008000434       0x48 Core/Src/stm32f3xx_hal_msp.o
                0x0000000008000434                HAL_MspInit
 .text.HAL_UART_MspInit
                0x000000000800047c       0x84 Core/Src/stm32f3xx_hal_msp.o
                0x000000000800047c                HAL_UART_MspInit
 .text.NMI_Handler
                0x0000000008000500        0xe Core/Src/stm32f3xx_it.o
                0x0000000008000500                NMI_Handler
 .text.HardFault_Handler
                0x000000000800050e        0x6 Core/Src/stm32f3xx_it.o
                0x000000000800050e                HardFault_Handler
 .text.MemManage_Handler
                0x0000000008000514        0x6 Core/Src/stm32f3xx_it.o
                0x0000000008000514                MemManage_Handler
 .text.BusFault_Handler
                0x000000000800051a        0x6 Core/Src/stm32f3xx_it.o
                0x000000000800051a                BusFault_Handler
 .text.UsageFault_Handler
                0x0000000008000520        0x6 Core/Src/stm32f3xx_it.o
                0x0000000008000520                UsageFault_Handler
 .text.SVC_Handler
                0x0000000008000526        0xe Core/Src/stm32f3xx_it.o
                0x0000000008000526                SVC_Handler
 .text.DebugMon_Handler
                0x0000000008000534        0xe Core/Src/stm32f3xx_it.o
                0x0000000008000534                DebugMon_Handler
 .text.PendSV_Handler
                0x0000000008000542        0xe Core/Src/stm32f3xx_it.o
                0x0000000008000542                PendSV_Handler
 .text.SysTick_Handler
                0x0000000008000550        0xc Core/Src/stm32f3xx_it.o
                0x0000000008000550                SysTick_Handler
 .text.SystemInit
                0x000000000800055c       0x2c Core/Src/system_stm32f3xx.o
                0x000000000800055c                SystemInit
 .text.Reset_Handler
                0x0000000008000588       0x50 Core/Startup/startup_stm32f303retx.o
                0x0000000008000588                Reset_Handler
 .text.Default_Handler
                0x00000000080005d8        0x2 Core/Startup/startup_stm32f303retx.o
                0x00000000080005d8                RTC_Alarm_IRQHandler
                0x00000000080005d8                TIM8_TRG_COM_IRQHandler
                0x00000000080005d8                TIM8_CC_IRQHandler
                0x00000000080005d8                SPI4_IRQHandler
                0x00000000080005d8                TIM1_CC_IRQHandler
                0x00000000080005d8                USB_HP_IRQHandler
                0x00000000080005d8                PVD_IRQHandler
                0x00000000080005d8                TAMP_STAMP_IRQHandler
                0x00000000080005d8                EXTI3_IRQHandler
                0x00000000080005d8                I2C3_ER_IRQHandler
                0x00000000080005d8                USB_HP_CAN_TX_IRQHandler
                0x00000000080005d8                EXTI0_IRQHandler
                0x00000000080005d8                I2C2_EV_IRQHandler
                0x00000000080005d8                FPU_IRQHandler
                0x00000000080005d8                TIM1_UP_TIM16_IRQHandler
                0x00000000080005d8                ADC1_2_IRQHandler
                0x00000000080005d8                SPI1_IRQHandler
                0x00000000080005d8                CAN_SCE_IRQHandler
                0x00000000080005d8                TIM6_DAC_IRQHandler
                0x00000000080005d8                TIM8_UP_IRQHandler
                0x00000000080005d8                DMA2_Channel2_IRQHandler
                0x00000000080005d8                DMA1_Channel4_IRQHandler
                0x00000000080005d8                TIM20_TRG_COM_IRQHandler
                0x00000000080005d8                USART3_IRQHandler
                0x00000000080005d8                DMA1_Channel7_IRQHandler
                0x00000000080005d8                UART5_IRQHandler
                0x00000000080005d8                ADC3_IRQHandler
                0x00000000080005d8                TIM4_IRQHandler
                0x00000000080005d8                CAN_RX1_IRQHandler
                0x00000000080005d8                DMA2_Channel1_IRQHandler
                0x00000000080005d8                I2C1_EV_IRQHandler
                0x00000000080005d8                DMA1_Channel6_IRQHandler
                0x00000000080005d8                UART4_IRQHandler
                0x00000000080005d8                DMA2_Channel4_IRQHandler
                0x00000000080005d8                TIM3_IRQHandler
                0x00000000080005d8                RCC_IRQHandler
                0x00000000080005d8                TIM20_UP_IRQHandler
                0x00000000080005d8                DMA1_Channel1_IRQHandler
                0x00000000080005d8                Default_Handler
                0x00000000080005d8                USBWakeUp_RMP_IRQHandler
                0x00000000080005d8                EXTI15_10_IRQHandler
                0x00000000080005d8                TIM7_IRQHandler
                0x00000000080005d8                I2C3_EV_IRQHandler
                0x00000000080005d8                EXTI9_5_IRQHandler
                0x00000000080005d8                RTC_WKUP_IRQHandler
                0x00000000080005d8                SPI2_IRQHandler
                0x00000000080005d8                USB_LP_CAN_RX0_IRQHandler
                0x00000000080005d8                DMA2_Channel5_IRQHandler
                0x00000000080005d8                DMA1_Channel5_IRQHandler
                0x00000000080005d8                USB_LP_IRQHandler
                0x00000000080005d8                EXTI4_IRQHandler
                0x00000000080005d8                TIM1_TRG_COM_TIM17_IRQHandler
                0x00000000080005d8                DMA1_Channel3_IRQHandler
                0x00000000080005d8                ADC4_IRQHandler
                0x00000000080005d8                WWDG_IRQHandler
                0x00000000080005d8                TIM2_IRQHandler
                0x00000000080005d8                COMP7_IRQHandler
                0x00000000080005d8                COMP1_2_3_IRQHandler
                0x00000000080005d8                EXTI1_IRQHandler
                0x00000000080005d8                USART2_IRQHandler
                0x00000000080005d8                COMP4_5_6_IRQHandler
                0x00000000080005d8                TIM20_BRK_IRQHandler
                0x00000000080005d8                I2C2_ER_IRQHandler
                0x00000000080005d8                DMA1_Channel2_IRQHandler
                0x00000000080005d8                TIM8_BRK_IRQHandler
                0x00000000080005d8                FLASH_IRQHandler
                0x00000000080005d8                TIM20_CC_IRQHandler
                0x00000000080005d8                USART1_IRQHandler
                0x00000000080005d8                SPI3_IRQHandler
                0x00000000080005d8                I2C1_ER_IRQHandler
                0x00000000080005d8                FMC_IRQHandler
                0x00000000080005d8                USBWakeUp_IRQHandler
                0x00000000080005d8                DMA2_Channel3_IRQHandler
                0x00000000080005d8                EXTI2_TSC_IRQHandler
                0x00000000080005d8                TIM1_BRK_TIM15_IRQHandler
 *fill*         0x00000000080005da        0x2 
 .text.HAL_Init
                0x00000000080005dc       0x2c Drivers/STM32F3xx_HAL_Driver/Src/stm32f3xx_hal.o
                0x00000000080005dc                HAL_Init
 .text.HAL_InitTick
                0x0000000008000608       0x60 Drivers/STM32F3xx_HAL_Driver/Src/stm32f3xx_hal.o
                0x0000000008000608                HAL_InitTick
 .text.HAL_IncTick
                0x0000000008000668       0x28 Drivers/STM32F3xx_HAL_Driver/Src/stm32f3xx_hal.o
                0x0000000008000668                HAL_IncTick
 .text.HAL_GetTick
                0x0000000008000690       0x18 Drivers/STM32F3xx_HAL_Driver/Src/stm32f3xx_hal.o
                0x0000000008000690                HAL_GetTick
 .text.HAL_Delay
                0x00000000080006a8       0x44 Drivers/STM32F3xx_HAL_Driver/Src/stm32f3xx_hal.o
                0x00000000080006a8                HAL_Delay
 .text.__NVIC_SetPriorityGrouping
                0x00000000080006ec       0x48 Drivers/STM32F3xx_HAL_Driver/Src/stm32f3xx_hal_cortex.o
 .text.__NVIC_GetPriorityGrouping
                0x0000000008000734       0x1c Drivers/STM32F3xx_HAL_Driver/Src/stm32f3xx_hal_cortex.o
 .text.__NVIC_SetPriority
                0x0000000008000750       0x54 Drivers/STM32F3xx_HAL_Driver/Src/stm32f3xx_hal_cortex.o
 .text.NVIC_EncodePriority
                0x00000000080007a4       0x66 Drivers/STM32F3xx_HAL_Driver/Src/stm32f3xx_hal_cortex.o
 *fill*         0x000000000800080a        0x2 
 .text.SysTick_Config
                0x000000000800080c       0x44 Drivers/STM32F3xx_HAL_Driver/Src/stm32f3xx_hal_cortex.o
 .text.HAL_NVIC_SetPriorityGrouping
                0x0000000008000850       0x16 Drivers/STM32F3xx_HAL_Driver/Src/stm32f3xx_hal_cortex.o
                0x0000000008000850                HAL_NVIC_SetPriorityGrouping
 .text.HAL_NVIC_SetPriority
                0x0000000008000866       0x38 Drivers/STM32F3xx_HAL_Driver/Src/stm32f3xx_hal_cortex.o
                0x0000000008000866                HAL_NVIC_SetPriority
 .text.HAL_SYSTICK_Config
                0x000000000800089e       0x18 Drivers/STM32F3xx_HAL_Driver/Src/stm32f3xx_hal_cortex.o
                0x000000000800089e                HAL_SYSTICK_Config
 *fill*         0x00000000080008b6        0x2 
 .text.HAL_GPIO_Init
                0x00000000080008b8      0x314 Drivers/STM32F3xx_HAL_Driver/Src/stm32f3xx_hal_gpio.o
                0x00000000080008b8                HAL_GPIO_Init
 .text.HAL_GPIO_ReadPin
                0x0000000008000bcc       0x30 Drivers/STM32F3xx_HAL_Driver/Src/stm32f3xx_hal_gpio.o
                0x0000000008000bcc                HAL_GPIO_ReadPin
 .text.HAL_GPIO_WritePin
                0x0000000008000bfc       0x30 Drivers/STM32F3xx_HAL_Driver/Src/stm32f3xx_hal_gpio.o
                0x0000000008000bfc                HAL_GPIO_WritePin
 .text.HAL_GPIO_TogglePin
                0x0000000008000c2c       0x34 Drivers/STM32F3xx_HAL_Driver/Src/stm32f3xx_hal_gpio.o
                0x0000000008000c2c                HAL_GPIO_TogglePin
 .text.HAL_RCC_OscConfig
                0x0000000008000c60      0xe2c Drivers/STM32F3xx_HAL_Driver/Src/stm32f3xx_hal_rcc.o
                0x0000000008000c60                HAL_RCC_OscConfig
 .text.HAL_RCC_ClockConfig
                0x0000000008001a8c      0x2f8 Drivers/STM32F3xx_HAL_Driver/Src/stm32f3xx_hal_rcc.o
                0x0000000008001a8c                HAL_RCC_ClockConfig
 .text.HAL_RCC_GetSysClockFreq
                0x0000000008001d84       0xd4 Drivers/STM32F3xx_HAL_Driver/Src/stm32f3xx_hal_rcc.o
                0x0000000008001d84                HAL_RCC_GetSysClockFreq
 .text.HAL_RCC_GetHCLKFreq
                0x0000000008001e58       0x18 Drivers/STM32F3xx_HAL_Driver/Src/stm32f3xx_hal_rcc.o
                0x0000000008001e58                HAL_RCC_GetHCLKFreq
 .text.HAL_RCC_GetPCLK1Freq
                0x0000000008001e70       0x44 Drivers/STM32F3xx_HAL_Driver/Src/stm32f3xx_hal_rcc.o
                0x0000000008001e70                HAL_RCC_GetPCLK1Freq
 .text.HAL_RCC_GetPCLK2Freq
                0x0000000008001eb4       0x44 Drivers/STM32F3xx_HAL_Driver/Src/stm32f3xx_hal_rcc.o
                0x0000000008001eb4                HAL_RCC_GetPCLK2Freq
 .text.HAL_RCCEx_PeriphCLKConfig
                0x0000000008001ef8      0x43c Drivers/STM32F3xx_HAL_Driver/Src/stm32f3xx_hal_rcc_ex.o
                0x0000000008001ef8                HAL_RCCEx_PeriphCLKConfig
 .text.HAL_UART_Init
                0x0000000008002334       0x9c Drivers/STM32F3xx_HAL_Driver/Src/stm32f3xx_hal_uart.o
                0x0000000008002334                HAL_UART_Init
 .text.UART_SetConfig
                0x00000000080023d0      0x434 Drivers/STM32F3xx_HAL_Driver/Src/stm32f3xx_hal_uart.o
                0x00000000080023d0                UART_SetConfig
 .text.UART_AdvFeatureConfig
                0x0000000008002804      0x144 Drivers/STM32F3xx_HAL_Driver/Src/stm32f3xx_hal_uart.o
                0x0000000008002804                UART_AdvFeatureConfig
 .text.UART_CheckIdleState
                0x0000000008002948       0x8a Drivers/STM32F3xx_HAL_Driver/Src/stm32f3xx_hal_uart.o
                0x0000000008002948                UART_CheckIdleState
 .text.UART_WaitOnFlagUntilTimeout
                0x00000000080029d2       0xf6 Drivers/STM32F3xx_HAL_Driver/Src/stm32f3xx_hal_uart.o
                0x00000000080029d2                UART_WaitOnFlagUntilTimeout
 .text.__libc_init_array
                0x0000000008002ac8       0x48 c:/st/stm32cubeide_1.2.0/stm32cubeide/plugins/com.st.stm32cube.ide.mcu.externaltools.gnu-tools-for-stm32.7-2018-q2-update.win32_1.0.0.201904181610/tools/bin/../lib/gcc/arm-none-eabi/7.3.1/../../../../arm-none-eabi/lib/thumb/v7e-m/fpv4-sp/hard\libc_nano.a(lib_a-init.o)
                0x0000000008002ac8                __libc_init_array
 .text.memset   0x0000000008002b10       0x10 c:/st/stm32cubeide_1.2.0/stm32cubeide/plugins/com.st.stm32cube.ide.mcu.externaltools.gnu-tools-for-stm32.7-2018-q2-update.win32_1.0.0.201904181610/tools/bin/../lib/gcc/arm-none-eabi/7.3.1/../../../../arm-none-eabi/lib/thumb/v7e-m/fpv4-sp/hard\libc_nano.a(lib_a-memset.o)
                0x0000000008002b10                memset
 *(.glue_7)
 .glue_7        0x0000000008002b20        0x0 linker stubs
 *(.glue_7t)
 .glue_7t       0x0000000008002b20        0x0 linker stubs
 *(.eh_frame)
 .eh_frame      0x0000000008002b20        0x0 c:/st/stm32cubeide_1.2.0/stm32cubeide/plugins/com.st.stm32cube.ide.mcu.externaltools.gnu-tools-for-stm32.7-2018-q2-update.win32_1.0.0.201904181610/tools/bin/../lib/gcc/arm-none-eabi/7.3.1/thumb/v7e-m/fpv4-sp/hard/crtbegin.o
 *(.init)
 .init          0x0000000008002b20        0x4 c:/st/stm32cubeide_1.2.0/stm32cubeide/plugins/com.st.stm32cube.ide.mcu.externaltools.gnu-tools-for-stm32.7-2018-q2-update.win32_1.0.0.201904181610/tools/bin/../lib/gcc/arm-none-eabi/7.3.1/thumb/v7e-m/fpv4-sp/hard/crti.o
                0x0000000008002b20                _init
 .init          0x0000000008002b24        0x8 c:/st/stm32cubeide_1.2.0/stm32cubeide/plugins/com.st.stm32cube.ide.mcu.externaltools.gnu-tools-for-stm32.7-2018-q2-update.win32_1.0.0.201904181610/tools/bin/../lib/gcc/arm-none-eabi/7.3.1/thumb/v7e-m/fpv4-sp/hard/crtn.o
 *(.fini)
 .fini          0x0000000008002b2c        0x4 c:/st/stm32cubeide_1.2.0/stm32cubeide/plugins/com.st.stm32cube.ide.mcu.externaltools.gnu-tools-for-stm32.7-2018-q2-update.win32_1.0.0.201904181610/tools/bin/../lib/gcc/arm-none-eabi/7.3.1/thumb/v7e-m/fpv4-sp/hard/crti.o
                0x0000000008002b2c                _fini
 .fini          0x0000000008002b30        0x8 c:/st/stm32cubeide_1.2.0/stm32cubeide/plugins/com.st.stm32cube.ide.mcu.externaltools.gnu-tools-for-stm32.7-2018-q2-update.win32_1.0.0.201904181610/tools/bin/../lib/gcc/arm-none-eabi/7.3.1/thumb/v7e-m/fpv4-sp/hard/crtn.o
                0x0000000008002b38                . = ALIGN (0x4)
                0x0000000008002b38                _etext = .

.vfp11_veneer   0x0000000008002b38        0x0
 .vfp11_veneer  0x0000000008002b38        0x0 linker stubs

.v4_bx          0x0000000008002b38        0x0
 .v4_bx         0x0000000008002b38        0x0 linker stubs

.iplt           0x0000000008002b38        0x0
 .iplt          0x0000000008002b38        0x0 c:/st/stm32cubeide_1.2.0/stm32cubeide/plugins/com.st.stm32cube.ide.mcu.externaltools.gnu-tools-for-stm32.7-2018-q2-update.win32_1.0.0.201904181610/tools/bin/../lib/gcc/arm-none-eabi/7.3.1/thumb/v7e-m/fpv4-sp/hard/crtbegin.o

.rodata         0x0000000008002b38       0x38
                0x0000000008002b38                . = ALIGN (0x4)
 *(.rodata)
 *(.rodata*)
 .rodata.AHBPrescTable
                0x0000000008002b38       0x10 Core/Src/system_stm32f3xx.o
                0x0000000008002b38                AHBPrescTable
 .rodata.APBPrescTable
                0x0000000008002b48        0x8 Core/Src/system_stm32f3xx.o
                0x0000000008002b48                APBPrescTable
 .rodata.aPLLMULFactorTable
                0x0000000008002b50       0x10 Drivers/STM32F3xx_HAL_Driver/Src/stm32f3xx_hal_rcc.o
                0x0000000008002b50                aPLLMULFactorTable
 .rodata.aPredivFactorTable
                0x0000000008002b60       0x10 Drivers/STM32F3xx_HAL_Driver/Src/stm32f3xx_hal_rcc.o
                0x0000000008002b60                aPredivFactorTable
                0x0000000008002b70                . = ALIGN (0x4)

.rel.dyn        0x0000000008002b70        0x0
 .rel.iplt      0x0000000008002b70        0x0 c:/st/stm32cubeide_1.2.0/stm32cubeide/plugins/com.st.stm32cube.ide.mcu.externaltools.gnu-tools-for-stm32.7-2018-q2-update.win32_1.0.0.201904181610/tools/bin/../lib/gcc/arm-none-eabi/7.3.1/thumb/v7e-m/fpv4-sp/hard/crtbegin.o

.ARM.extab      0x0000000008002b70        0x0
                0x0000000008002b70                . = ALIGN (0x4)
 *(.ARM.extab* .gnu.linkonce.armextab.*)
                0x0000000008002b70                . = ALIGN (0x4)

.ARM            0x0000000008002b70        0x0
                0x0000000008002b70                . = ALIGN (0x4)
                0x0000000008002b70                __exidx_start = .
 *(.ARM.exidx*)
                0x0000000008002b70                __exidx_end = .
                0x0000000008002b70                . = ALIGN (0x4)

.preinit_array  0x0000000008002b70        0x0
                0x0000000008002b70                . = ALIGN (0x4)
                0x0000000008002b70                PROVIDE (__preinit_array_start = .)
 *(.preinit_array*)
                0x0000000008002b70                PROVIDE (__preinit_array_end = .)
                0x0000000008002b70                . = ALIGN (0x4)

.init_array     0x0000000008002b70        0x4
                0x0000000008002b70                . = ALIGN (0x4)
                0x0000000008002b70                PROVIDE (__init_array_start = .)
 *(SORT_BY_NAME(.init_array.*))
 *(.init_array*)
 .init_array    0x0000000008002b70        0x4 c:/st/stm32cubeide_1.2.0/stm32cubeide/plugins/com.st.stm32cube.ide.mcu.externaltools.gnu-tools-for-stm32.7-2018-q2-update.win32_1.0.0.201904181610/tools/bin/../lib/gcc/arm-none-eabi/7.3.1/thumb/v7e-m/fpv4-sp/hard/crtbegin.o
                0x0000000008002b74                PROVIDE (__init_array_end = .)
                0x0000000008002b74                . = ALIGN (0x4)

.fini_array     0x0000000008002b74        0x4
                0x0000000008002b74                . = ALIGN (0x4)
                [!provide]                        PROVIDE (__fini_array_start = .)
 *(SORT_BY_NAME(.fini_array.*))
 *(.fini_array*)
 .fini_array    0x0000000008002b74        0x4 c:/st/stm32cubeide_1.2.0/stm32cubeide/plugins/com.st.stm32cube.ide.mcu.externaltools.gnu-tools-for-stm32.7-2018-q2-update.win32_1.0.0.201904181610/tools/bin/../lib/gcc/arm-none-eabi/7.3.1/thumb/v7e-m/fpv4-sp/hard/crtbegin.o
                [!provide]                        PROVIDE (__fini_array_end = .)
                0x0000000008002b78                . = ALIGN (0x4)
                0x0000000008002b78                _sidata = LOADADDR (.data)

.data           0x0000000020000000        0xc load address 0x0000000008002b78
                0x0000000020000000                . = ALIGN (0x4)
                0x0000000020000000                _sdata = .
 *(.data)
 *(.data*)
 .data.SystemCoreClock
                0x0000000020000000        0x4 Core/Src/system_stm32f3xx.o
                0x0000000020000000                SystemCoreClock
 .data.uwTickPrio
                0x0000000020000004        0x4 Drivers/STM32F3xx_HAL_Driver/Src/stm32f3xx_hal.o
                0x0000000020000004                uwTickPrio
 .data.uwTickFreq
                0x0000000020000008        0x1 Drivers/STM32F3xx_HAL_Driver/Src/stm32f3xx_hal.o
                0x0000000020000008                uwTickFreq
                0x000000002000000c                . = ALIGN (0x4)
 *fill*         0x0000000020000009        0x3 
                0x000000002000000c                _edata = .

.igot.plt       0x000000002000000c        0x0 load address 0x0000000008002b84
 .igot.plt      0x000000002000000c        0x0 c:/st/stm32cubeide_1.2.0/stm32cubeide/plugins/com.st.stm32cube.ide.mcu.externaltools.gnu-tools-for-stm32.7-2018-q2-update.win32_1.0.0.201904181610/tools/bin/../lib/gcc/arm-none-eabi/7.3.1/thumb/v7e-m/fpv4-sp/hard/crtbegin.o
                0x000000002000000c                . = ALIGN (0x4)

.bss            0x000000002000000c       0xa0 load address 0x0000000008002b84
                0x000000002000000c                _sbss = .
                0x000000002000000c                __bss_start__ = _sbss
 *(.bss)
 .bss           0x000000002000000c       0x1c c:/st/stm32cubeide_1.2.0/stm32cubeide/plugins/com.st.stm32cube.ide.mcu.externaltools.gnu-tools-for-stm32.7-2018-q2-update.win32_1.0.0.201904181610/tools/bin/../lib/gcc/arm-none-eabi/7.3.1/thumb/v7e-m/fpv4-sp/hard/crtbegin.o
 *(.bss*)
 *(COMMON)
 COMMON         0x0000000020000028       0x80 Core/Src/main.o
                0x0000000020000028                huart2
 COMMON         0x00000000200000a8        0x4 Drivers/STM32F3xx_HAL_Driver/Src/stm32f3xx_hal.o
                0x00000000200000a8                uwTick
                0x00000000200000ac                . = ALIGN (0x4)
                0x00000000200000ac                _ebss = .
                0x00000000200000ac                __bss_end__ = _ebss

._user_heap_stack
                0x00000000200000ac      0x604 load address 0x0000000008002b84
                0x00000000200000b0                . = ALIGN (0x8)
 *fill*         0x00000000200000ac        0x4 
                [!provide]                        PROVIDE (end = .)
                [!provide]                        PROVIDE (_end = .)
                0x00000000200002b0                . = (. + _Min_Heap_Size)
 *fill*         0x00000000200000b0      0x200 
                0x00000000200006b0                . = (. + _Min_Stack_Size)
 *fill*         0x00000000200002b0      0x400 
                0x00000000200006b0                . = ALIGN (0x8)

/DISCARD/
 libc.a(*)
 libm.a(*)
 libgcc.a(*)

.ARM.attributes
                0x0000000000000000       0x30
 *(.ARM.attributes)
 .ARM.attributes
                0x0000000000000000       0x22 c:/st/stm32cubeide_1.2.0/stm32cubeide/plugins/com.st.stm32cube.ide.mcu.externaltools.gnu-tools-for-stm32.7-2018-q2-update.win32_1.0.0.201904181610/tools/bin/../lib/gcc/arm-none-eabi/7.3.1/thumb/v7e-m/fpv4-sp/hard/crti.o
 .ARM.attributes
                0x0000000000000022       0x34 c:/st/stm32cubeide_1.2.0/stm32cubeide/plugins/com.st.stm32cube.ide.mcu.externaltools.gnu-tools-for-stm32.7-2018-q2-update.win32_1.0.0.201904181610/tools/bin/../lib/gcc/arm-none-eabi/7.3.1/thumb/v7e-m/fpv4-sp/hard/crtbegin.o
 .ARM.attributes
                0x0000000000000056       0x39 Core/Src/main.o
 .ARM.attributes
                0x000000000000008f       0x39 Core/Src/stm32f3xx_hal_msp.o
 .ARM.attributes
                0x00000000000000c8       0x39 Core/Src/stm32f3xx_it.o
 .ARM.attributes
                0x0000000000000101       0x39 Core/Src/system_stm32f3xx.o
 .ARM.attributes
                0x000000000000013a       0x21 Core/Startup/startup_stm32f303retx.o
 .ARM.attributes
                0x000000000000015b       0x39 Drivers/STM32F3xx_HAL_Driver/Src/stm32f3xx_hal.o
 .ARM.attributes
                0x0000000000000194       0x39 Drivers/STM32F3xx_HAL_Driver/Src/stm32f3xx_hal_cortex.o
 .ARM.attributes
                0x00000000000001cd       0x39 Drivers/STM32F3xx_HAL_Driver/Src/stm32f3xx_hal_gpio.o
 .ARM.attributes
                0x0000000000000206       0x39 Drivers/STM32F3xx_HAL_Driver/Src/stm32f3xx_hal_rcc.o
 .ARM.attributes
                0x000000000000023f       0x39 Drivers/STM32F3xx_HAL_Driver/Src/stm32f3xx_hal_rcc_ex.o
 .ARM.attributes
                0x0000000000000278       0x39 Drivers/STM32F3xx_HAL_Driver/Src/stm32f3xx_hal_uart.o
 .ARM.attributes
                0x00000000000002b1       0x34 c:/st/stm32cubeide_1.2.0/stm32cubeide/plugins/com.st.stm32cube.ide.mcu.externaltools.gnu-tools-for-stm32.7-2018-q2-update.win32_1.0.0.201904181610/tools/bin/../lib/gcc/arm-none-eabi/7.3.1/../../../../arm-none-eabi/lib/thumb/v7e-m/fpv4-sp/hard\libc_nano.a(lib_a-init.o)
 .ARM.attributes
                0x00000000000002e5       0x34 c:/st/stm32cubeide_1.2.0/stm32cubeide/plugins/com.st.stm32cube.ide.mcu.externaltools.gnu-tools-for-stm32.7-2018-q2-update.win32_1.0.0.201904181610/tools/bin/../lib/gcc/arm-none-eabi/7.3.1/../../../../arm-none-eabi/lib/thumb/v7e-m/fpv4-sp/hard\libc_nano.a(lib_a-memset.o)
 .ARM.attributes
                0x0000000000000319       0x22 c:/st/stm32cubeide_1.2.0/stm32cubeide/plugins/com.st.stm32cube.ide.mcu.externaltools.gnu-tools-for-stm32.7-2018-q2-update.win32_1.0.0.201904181610/tools/bin/../lib/gcc/arm-none-eabi/7.3.1/thumb/v7e-m/fpv4-sp/hard/crtn.o
OUTPUT(nucleo-f303_1-blink.elf elf32-littlearm)

.debug_info     0x0000000000000000     0x6dbd
 .debug_info    0x0000000000000000      0xbd5 Core/Src/main.o
 .debug_info    0x0000000000000bd5      0x90d Core/Src/stm32f3xx_hal_msp.o
 .debug_info    0x00000000000014e2      0x20d Core/Src/stm32f3xx_it.o
 .debug_info    0x00000000000016ef      0x45c Core/Src/system_stm32f3xx.o
 .debug_info    0x0000000000001b4b       0x22 Core/Startup/startup_stm32f303retx.o
 .debug_info    0x0000000000001b6d      0x812 Drivers/STM32F3xx_HAL_Driver/Src/stm32f3xx_hal.o
 .debug_info    0x000000000000237f      0xdc9 Drivers/STM32F3xx_HAL_Driver/Src/stm32f3xx_hal_cortex.o
 .debug_info    0x0000000000003148      0x7b2 Drivers/STM32F3xx_HAL_Driver/Src/stm32f3xx_hal_gpio.o
 .debug_info    0x00000000000038fa     0x181f Drivers/STM32F3xx_HAL_Driver/Src/stm32f3xx_hal_rcc.o
 .debug_info    0x0000000000005119      0x712 Drivers/STM32F3xx_HAL_Driver/Src/stm32f3xx_hal_rcc_ex.o
 .debug_info    0x000000000000582b     0x1592 Drivers/STM32F3xx_HAL_Driver/Src/stm32f3xx_hal_uart.o

.debug_abbrev   0x0000000000000000     0x1290
 .debug_abbrev  0x0000000000000000      0x1d6 Core/Src/main.o
 .debug_abbrev  0x00000000000001d6      0x18c Core/Src/stm32f3xx_hal_msp.o
 .debug_abbrev  0x0000000000000362       0xc6 Core/Src/stm32f3xx_it.o
 .debug_abbrev  0x0000000000000428      0x12b Core/Src/system_stm32f3xx.o
 .debug_abbrev  0x0000000000000553       0x12 Core/Startup/startup_stm32f303retx.o
 .debug_abbrev  0x0000000000000565      0x1c7 Drivers/STM32F3xx_HAL_Driver/Src/stm32f3xx_hal.o
 .debug_abbrev  0x000000000000072c      0x2fa Drivers/STM32F3xx_HAL_Driver/Src/stm32f3xx_hal_cortex.o
 .debug_abbrev  0x0000000000000a26      0x1c0 Drivers/STM32F3xx_HAL_Driver/Src/stm32f3xx_hal_gpio.o
 .debug_abbrev  0x0000000000000be6      0x28c Drivers/STM32F3xx_HAL_Driver/Src/stm32f3xx_hal_rcc.o
 .debug_abbrev  0x0000000000000e72      0x219 Drivers/STM32F3xx_HAL_Driver/Src/stm32f3xx_hal_rcc_ex.o
 .debug_abbrev  0x000000000000108b      0x205 Drivers/STM32F3xx_HAL_Driver/Src/stm32f3xx_hal_uart.o

.debug_aranges  0x0000000000000000      0x640
 .debug_aranges
                0x0000000000000000       0x40 Core/Src/main.o
 .debug_aranges
                0x0000000000000040       0x30 Core/Src/stm32f3xx_hal_msp.o
 .debug_aranges
                0x0000000000000070       0x60 Core/Src/stm32f3xx_it.o
 .debug_aranges
                0x00000000000000d0       0x28 Core/Src/system_stm32f3xx.o
 .debug_aranges
                0x00000000000000f8       0x28 Core/Startup/startup_stm32f303retx.o
 .debug_aranges
                0x0000000000000120       0xe0 Drivers/STM32F3xx_HAL_Driver/Src/stm32f3xx_hal.o
 .debug_aranges
                0x0000000000000200      0x118 Drivers/STM32F3xx_HAL_Driver/Src/stm32f3xx_hal_cortex.o
 .debug_aranges
                0x0000000000000318       0x58 Drivers/STM32F3xx_HAL_Driver/Src/stm32f3xx_hal_gpio.o
 .debug_aranges
                0x0000000000000370       0x88 Drivers/STM32F3xx_HAL_Driver/Src/stm32f3xx_hal_rcc.o
 .debug_aranges
                0x00000000000003f8       0x38 Drivers/STM32F3xx_HAL_Driver/Src/stm32f3xx_hal_rcc_ex.o
 .debug_aranges
                0x0000000000000430      0x210 Drivers/STM32F3xx_HAL_Driver/Src/stm32f3xx_hal_uart.o

.debug_ranges   0x0000000000000000      0x598
 .debug_ranges  0x0000000000000000       0x30 Core/Src/main.o
 .debug_ranges  0x0000000000000030       0x20 Core/Src/stm32f3xx_hal_msp.o
 .debug_ranges  0x0000000000000050       0x50 Core/Src/stm32f3xx_it.o
 .debug_ranges  0x00000000000000a0       0x18 Core/Src/system_stm32f3xx.o
 .debug_ranges  0x00000000000000b8       0x20 Core/Startup/startup_stm32f303retx.o
 .debug_ranges  0x00000000000000d8       0xd0 Drivers/STM32F3xx_HAL_Driver/Src/stm32f3xx_hal.o
 .debug_ranges  0x00000000000001a8      0x108 Drivers/STM32F3xx_HAL_Driver/Src/stm32f3xx_hal_cortex.o
 .debug_ranges  0x00000000000002b0       0x48 Drivers/STM32F3xx_HAL_Driver/Src/stm32f3xx_hal_gpio.o
 .debug_ranges  0x00000000000002f8       0x78 Drivers/STM32F3xx_HAL_Driver/Src/stm32f3xx_hal_rcc.o
 .debug_ranges  0x0000000000000370       0x28 Drivers/STM32F3xx_HAL_Driver/Src/stm32f3xx_hal_rcc_ex.o
 .debug_ranges  0x0000000000000398      0x200 Drivers/STM32F3xx_HAL_Driver/Src/stm32f3xx_hal_uart.o

.debug_macro    0x0000000000000000    0x1b638
 .debug_macro   0x0000000000000000      0x1c9 Core/Src/main.o
 .debug_macro   0x00000000000001c9      0xa5a Core/Src/main.o
 .debug_macro   0x0000000000000c23      0x151 Core/Src/main.o
 .debug_macro   0x0000000000000d74       0x2e Core/Src/main.o
 .debug_macro   0x0000000000000da2       0x28 Core/Src/main.o
 .debug_macro   0x0000000000000dca       0x22 Core/Src/main.o
 .debug_macro   0x0000000000000dec       0x8e Core/Src/main.o
 .debug_macro   0x0000000000000e7a       0x51 Core/Src/main.o
 .debug_macro   0x0000000000000ecb       0xef Core/Src/main.o
 .debug_macro   0x0000000000000fba       0x6a Core/Src/main.o
 .debug_macro   0x0000000000001024      0x1df Core/Src/main.o
 .debug_macro   0x0000000000001203       0x1c Core/Src/main.o
 .debug_macro   0x000000000000121f       0x22 Core/Src/main.o
 .debug_macro   0x0000000000001241       0xdf Core/Src/main.o
 .debug_macro   0x0000000000001320     0x102d Core/Src/main.o
 .debug_macro   0x000000000000234d      0x11f Core/Src/main.o
 .debug_macro   0x000000000000246c    0x15353 Core/Src/main.o
 .debug_macro   0x00000000000177bf       0x43 Core/Src/main.o
 .debug_macro   0x0000000000017802      0x174 Core/Src/main.o
 .debug_macro   0x0000000000017976       0x53 Core/Src/main.o
 .debug_macro   0x00000000000179c9      0x954 Core/Src/main.o
 .debug_macro   0x000000000001831d      0x84a Core/Src/main.o
 .debug_macro   0x0000000000018b67      0x12f Core/Src/main.o
 .debug_macro   0x0000000000018c96      0x23a Core/Src/main.o
 .debug_macro   0x0000000000018ed0      0x1ea Core/Src/main.o
 .debug_macro   0x00000000000190ba      0x1bc Core/Src/main.o
 .debug_macro   0x0000000000019276       0x30 Core/Src/main.o
 .debug_macro   0x00000000000192a6       0x3c Core/Src/main.o
 .debug_macro   0x00000000000192e2      0x236 Core/Src/main.o
 .debug_macro   0x0000000000019518       0xc5 Core/Src/main.o
 .debug_macro   0x00000000000195dd      0x21d Core/Src/main.o
 .debug_macro   0x00000000000197fa      0x22c Core/Src/main.o
 .debug_macro   0x0000000000019a26       0x58 Core/Src/main.o
 .debug_macro   0x0000000000019a7e       0xa5 Core/Src/main.o
 .debug_macro   0x0000000000019b23       0x81 Core/Src/main.o
 .debug_macro   0x0000000000019ba4       0xd3 Core/Src/main.o
 .debug_macro   0x0000000000019c77      0x589 Core/Src/main.o
 .debug_macro   0x000000000001a200       0x44 Core/Src/main.o
 .debug_macro   0x000000000001a244      0x347 Core/Src/main.o
 .debug_macro   0x000000000001a58b       0x58 Core/Src/main.o
 .debug_macro   0x000000000001a5e3      0x1c9 Core/Src/stm32f3xx_hal_msp.o
 .debug_macro   0x000000000001a7ac      0x1d3 Core/Src/stm32f3xx_it.o
 .debug_macro   0x000000000001a97f      0x1c0 Core/Src/system_stm32f3xx.o
 .debug_macro   0x000000000001ab3f      0x1de Drivers/STM32F3xx_HAL_Driver/Src/stm32f3xx_hal.o
 .debug_macro   0x000000000001ad1d      0x1ba Drivers/STM32F3xx_HAL_Driver/Src/stm32f3xx_hal_cortex.o
 .debug_macro   0x000000000001aed7      0x1f2 Drivers/STM32F3xx_HAL_Driver/Src/stm32f3xx_hal_gpio.o
 .debug_macro   0x000000000001b0c9      0x1de Drivers/STM32F3xx_HAL_Driver/Src/stm32f3xx_hal_rcc.o
 .debug_macro   0x000000000001b2a7      0x1ba Drivers/STM32F3xx_HAL_Driver/Src/stm32f3xx_hal_rcc_ex.o
 .debug_macro   0x000000000001b461      0x1d7 Drivers/STM32F3xx_HAL_Driver/Src/stm32f3xx_hal_uart.o

.debug_line     0x0000000000000000     0x5f6b
 .debug_line    0x0000000000000000      0x6f2 Core/Src/main.o
 .debug_line    0x00000000000006f2      0x6aa Core/Src/stm32f3xx_hal_msp.o
 .debug_line    0x0000000000000d9c      0x71e Core/Src/stm32f3xx_it.o
 .debug_line    0x00000000000014ba      0x69a Core/Src/system_stm32f3xx.o
 .debug_line    0x0000000000001b54       0x85 Core/Startup/startup_stm32f303retx.o
 .debug_line    0x0000000000001bd9      0x855 Drivers/STM32F3xx_HAL_Driver/Src/stm32f3xx_hal.o
 .debug_line    0x000000000000242e      0x98a Drivers/STM32F3xx_HAL_Driver/Src/stm32f3xx_hal_cortex.o
 .debug_line    0x0000000000002db8      0x832 Drivers/STM32F3xx_HAL_Driver/Src/stm32f3xx_hal_gpio.o
 .debug_line    0x00000000000035ea      0xdd0 Drivers/STM32F3xx_HAL_Driver/Src/stm32f3xx_hal_rcc.o
 .debug_line    0x00000000000043ba      0x9f6 Drivers/STM32F3xx_HAL_Driver/Src/stm32f3xx_hal_rcc_ex.o
 .debug_line    0x0000000000004db0     0x11bb Drivers/STM32F3xx_HAL_Driver/Src/stm32f3xx_hal_uart.o

.debug_str      0x0000000000000000    0xa2731
 .debug_str     0x0000000000000000    0xa0b7e Core/Src/main.o
                                      0xa11d5 (size before relaxing)
 .debug_str     0x00000000000a0b7e       0x56 Core/Src/stm32f3xx_hal_msp.o
                                      0xa0ea9 (size before relaxing)
 .debug_str     0x00000000000a0bd4       0xbd Core/Src/stm32f3xx_it.o
                                      0xa0a73 (size before relaxing)
 .debug_str     0x00000000000a0c91       0xd1 Core/Src/system_stm32f3xx.o
                                      0xa09aa (size before relaxing)
 .debug_str     0x00000000000a0d62       0x36 Core/Startup/startup_stm32f303retx.o
                                         0x8b (size before relaxing)
 .debug_str     0x00000000000a0d98      0x740 Drivers/STM32F3xx_HAL_Driver/Src/stm32f3xx_hal.o
                                      0xa119d (size before relaxing)
 .debug_str     0x00000000000a14d8      0x3cd Drivers/STM32F3xx_HAL_Driver/Src/stm32f3xx_hal_cortex.o
                                      0xa12ab (size before relaxing)
 .debug_str     0x00000000000a18a5      0x27e Drivers/STM32F3xx_HAL_Driver/Src/stm32f3xx_hal_gpio.o
                                      0xa0c74 (size before relaxing)
 .debug_str     0x00000000000a1b23      0x326 Drivers/STM32F3xx_HAL_Driver/Src/stm32f3xx_hal_rcc.o
                                      0xa0e08 (size before relaxing)
 .debug_str     0x00000000000a1e49       0xd8 Drivers/STM32F3xx_HAL_Driver/Src/stm32f3xx_hal_rcc_ex.o
                                      0xa0c52 (size before relaxing)
 .debug_str     0x00000000000a1f21      0x810 Drivers/STM32F3xx_HAL_Driver/Src/stm32f3xx_hal_uart.o
                                      0xa1564 (size before relaxing)

.comment        0x0000000000000000       0x7b
 .comment       0x0000000000000000       0x7b Core/Src/main.o
                                         0x7c (size before relaxing)
 .comment       0x000000000000007b       0x7c Core/Src/stm32f3xx_hal_msp.o
 .comment       0x000000000000007b       0x7c Core/Src/stm32f3xx_it.o
 .comment       0x000000000000007b       0x7c Core/Src/system_stm32f3xx.o
 .comment       0x000000000000007b       0x7c Drivers/STM32F3xx_HAL_Driver/Src/stm32f3xx_hal.o
 .comment       0x000000000000007b       0x7c Drivers/STM32F3xx_HAL_Driver/Src/stm32f3xx_hal_cortex.o
 .comment       0x000000000000007b       0x7c Drivers/STM32F3xx_HAL_Driver/Src/stm32f3xx_hal_gpio.o
 .comment       0x000000000000007b       0x7c Drivers/STM32F3xx_HAL_Driver/Src/stm32f3xx_hal_rcc.o
 .comment       0x000000000000007b       0x7c Drivers/STM32F3xx_HAL_Driver/Src/stm32f3xx_hal_rcc_ex.o
 .comment       0x000000000000007b       0x7c Drivers/STM32F3xx_HAL_Driver/Src/stm32f3xx_hal_uart.o

.debug_frame    0x0000000000000000     0x1830
 .debug_frame   0x0000000000000000       0xb4 Core/Src/main.o
 .debug_frame   0x00000000000000b4       0x7c Core/Src/stm32f3xx_hal_msp.o
 .debug_frame   0x0000000000000130      0x10c Core/Src/stm32f3xx_it.o
 .debug_frame   0x000000000000023c       0x58 Core/Src/system_stm32f3xx.o
 .debug_frame   0x0000000000000294      0x334 Drivers/STM32F3xx_HAL_Driver/Src/stm32f3xx_hal.o
 .debug_frame   0x00000000000005c8      0x498 Drivers/STM32F3xx_HAL_Driver/Src/stm32f3xx_hal_cortex.o
 .debug_frame   0x0000000000000a60      0x14c Drivers/STM32F3xx_HAL_Driver/Src/stm32f3xx_hal_gpio.o
 .debug_frame   0x0000000000000bac      0x214 Drivers/STM32F3xx_HAL_Driver/Src/stm32f3xx_hal_rcc.o
 .debug_frame   0x0000000000000dc0       0xb4 Drivers/STM32F3xx_HAL_Driver/Src/stm32f3xx_hal_rcc_ex.o
 .debug_frame   0x0000000000000e74      0x970 Drivers/STM32F3xx_HAL_Driver/Src/stm32f3xx_hal_uart.o
 .debug_frame   0x00000000000017e4       0x2c c:/st/stm32cubeide_1.2.0/stm32cubeide/plugins/com.st.stm32cube.ide.mcu.externaltools.gnu-tools-for-stm32.7-2018-q2-update.win32_1.0.0.201904181610/tools/bin/../lib/gcc/arm-none-eabi/7.3.1/../../../../arm-none-eabi/lib/thumb/v7e-m/fpv4-sp/hard\libc_nano.a(lib_a-init.o)
 .debug_frame   0x0000000000001810       0x20 c:/st/stm32cubeide_1.2.0/stm32cubeide/plugins/com.st.stm32cube.ide.mcu.externaltools.gnu-tools-for-stm32.7-2018-q2-update.win32_1.0.0.201904181610/tools/bin/../lib/gcc/arm-none-eabi/7.3.1/../../../../arm-none-eabi/lib/thumb/v7e-m/fpv4-sp/hard\libc_nano.a(lib_a-memset.o)
