cmath:463:3:constexpr float std::sqrt(float)	16	static
main.cpp:14:6:void naiveSwap(int16_t, int16_t)	24	static
main.cpp:24:6:void swap16(int16_t*, int16_t*)	24	static
main.cpp:34:6:void swap16R(int16_t&, int16_t&)	24	static
main.cpp:63:2:threeSpaceQuaternion::threeSpaceQuaternion()	16	static
main.cpp:64:2:threeSpaceQuaternion::threeSpaceQuaternion(float, float, float, float)	32	static
main.cpp:70:16:virtual float threeSpaceQuaternion::get2Norm()	24	static
main.cpp:73:23:threeSpaceQuaternion threeSpaceQuaternion::operator+(const threeSpaceQuaternion&)	24	static
main.cpp:56:7:constexpr threeSpaceQuaternion& threeSpaceQuaternion::operator=(threeSpaceQuaternion&&)	16	static
main.cpp:95:5:int main()	176	static
main.cpp:140:6:void SystemClock_Config()	160	static
main.cpp:185:13:void MX_USART2_UART_Init()	8	static
main.cpp:220:13:void MX_GPIO_Init()	48	static
main.cpp:256:6:void Error_Handler()	4	static
main.cpp:44:25:void swap(T&, T&) [with T = short int]	24	static
main.cpp:44:25:void swap(T&, T&) [with T = double]	24	static
main.cpp:56:7:constexpr threeSpaceQuaternion& threeSpaceQuaternion::operator=(const threeSpaceQuaternion&)	16	static
main.cpp:44:25:void swap(T&, T&) [with T = threeSpaceQuaternion]	40	static
