gthr-default.h:229:1:int __gthread_key_delete(__gthread_key_t)	16	static
lcd.h:101:2:lcd::LCDMessage::LCDMessage(uint8_t, uint8_t, char*)	24	static
main.cpp:57:8:void* operator new(size_t)	16	static
main.cpp:62:8:void* operator new [](size_t)	16	static
main.cpp:67:6:void operator delete(void*)	16	static
main.cpp:72:6:void operator delete [](void*)	16	static
main.cpp:78:6:void reverse(char*, int)	32	static
main.cpp:90:5:int intToStr(int, char*, int)	32	static
main.cpp:108:6:void ftoa(float, char*, int)	48	static
main.cpp:136:6:int _read(int, char*, int)	24	static
main.cpp:144:6:int _write(int, char*, int)	32	static
main.cpp:165:6:void chMapper(void*)	64	static
main.cpp:186:6:void tickCounter(void*)	56	static
main.cpp:207:6:void thermoMeter(void*)	80	static
main.cpp:257:5:int main()	24	static
main.cpp:288:6:void SystemClock_Config()	160	static
main.cpp:337:13:void MX_ADC1_Init()	48	static
main.cpp:400:13:void MX_TIM2_Init()	40	static
main.cpp:445:13:void MX_TIM4_Init()	56	static
main.cpp:494:13:void MX_USART2_UART_Init()	8	static
main.cpp:529:13:void MX_GPIO_Init()	48	static
main.cpp:588:6:void HAL_TIM_PeriodElapsedCallback(TIM_HandleTypeDef*)	16	static
main.cpp:605:6:void Error_Handler()	4	static
cmath:415:5:constexpr typename __gnu_cxx::__promote_2<_Tp, _Up>::__type std::pow(_Tp, _Up) [with _Tp = int; _Up = int]	24	static
