gthr-default.h:229:1:int __gthread_key_delete(__gthread_key_t)	16	static
lcd.h:109:2:lcd::LCDMessage::LCDMessage(uint8_t, uint8_t, char*)	24	static
main.cpp:59:8:void* operator new(size_t)	16	static
main.cpp:64:8:void* operator new [](size_t)	16	static
main.cpp:69:6:void operator delete(void*)	16	static
main.cpp:74:6:void operator delete [](void*)	16	static
main.cpp:80:6:void reverse(char*, int)	32	static
main.cpp:92:5:int intToStr(int, char*, int)	32	static
main.cpp:110:6:void ftoa(float, char*, int)	48	static
main.cpp:138:6:int _read(int, char*, int)	24	static
main.cpp:146:6:int _write(int, char*, int)	32	static
main.cpp:167:6:void chMapper(void*)	64	static
main.cpp:188:6:void tickCounter(void*)	56	static
main.cpp:209:6:void thermoMeter(void*)	80	static
main.cpp:259:5:int main()	24	static
main.cpp:291:6:void SystemClock_Config()	160	static
main.cpp:340:13:void MX_ADC1_Init()	48	static
main.cpp:398:13:void MX_I2C1_Init()	8	static
main.cpp:443:13:void MX_TIM2_Init()	40	static
main.cpp:488:13:void MX_TIM4_Init()	56	static
main.cpp:537:13:void MX_USART2_UART_Init()	8	static
main.cpp:572:13:void MX_GPIO_Init()	48	static
main.cpp:637:6:void HAL_TIM_PeriodElapsedCallback(TIM_HandleTypeDef*)	16	static
main.cpp:654:6:void Error_Handler()	4	static
cmath:415:5:constexpr typename __gnu_cxx::__promote_2<_Tp, _Up>::__type std::pow(_Tp, _Up) [with _Tp = int; _Up = int]	24	static
